// Jest Snapshot v1, https://goo.gl/fbAQLP

exports[`[components] - CartProduct should render correctly 1`] = `
Object {
  "asFragment": [Function],
  "baseElement": <body>
    <div>
      <div
        class="sc-bdvvtL jueDJs"
      >
        <button
          class="sc-jRQBWg hOcWzm"
          title="remove product from cart"
        />
        <img
          alt="Cropped Stay Groovy off white"
          class="sc-iCfMLu kdysBI"
          src="8552515751438644-1-cart.webp"
        />
        <div
          class="sc-gsDKAQ ixJPSE"
        >
          <p
            class="sc-dkPtRN gXtprY"
          >
            Cropped Stay Groovy off white
          </p>
          <p
            class="sc-hKwDye bPeUpS"
          >
            S | White T-shirt
             
            <br />
            Quantity: 
            1
          </p>
        </div>
        <div
          class="sc-eCImPb bHNFYi"
        >
          <p>
            $  10.90
          </p>
          <div>
            <button
              class="sc-gKclnd fUHPHw"
              disabled=""
            >
              -
            </button>
            <button
              class="sc-gKclnd fUHPHw"
            >
              +
            </button>
          </div>
        </div>
      </div>
    </div>
  </body>,
  "container": <div>
    <div
      class="sc-bdvvtL jueDJs"
    >
      <button
        class="sc-jRQBWg hOcWzm"
        title="remove product from cart"
      />
      <img
        alt="Cropped Stay Groovy off white"
        class="sc-iCfMLu kdysBI"
        src="8552515751438644-1-cart.webp"
      />
      <div
        class="sc-gsDKAQ ixJPSE"
      >
        <p
          class="sc-dkPtRN gXtprY"
        >
          Cropped Stay Groovy off white
        </p>
        <p
          class="sc-hKwDye bPeUpS"
        >
          S | White T-shirt
           
          <br />
          Quantity: 
          1
        </p>
      </div>
      <div
        class="sc-eCImPb bHNFYi"
      >
        <p>
          $  10.90
        </p>
        <div>
          <button
            class="sc-gKclnd fUHPHw"
            disabled=""
          >
            -
          </button>
          <button
            class="sc-gKclnd fUHPHw"
          >
            +
          </button>
        </div>
      </div>
    </div>
  </div>,
  "debug": [Function],
  "findAllByAltText": [Function],
  "findAllByDisplayValue": [Function],
  "findAllByLabelText": [Function],
  "findAllByPlaceholderText": [Function],
  "findAllByRole": [Function],
  "findAllByTestId": [Function],
  "findAllByText": [Function],
  "findAllByTitle": [Function],
  "findByAltText": [Function],
  "findByDisplayValue": [Function],
  "findByLabelText": [Function],
  "findByPlaceholderText": [Function],
  "findByRole": [Function],
  "findByTestId": [Function],
  "findByText": [Function],
  "findByTitle": [Function],
  "getAllByAltText": [Function],
  "getAllByDisplayValue": [Function],
  "getAllByLabelText": [Function],
  "getAllByPlaceholderText": [Function],
  "getAllByRole": [Function],
  "getAllByTestId": [Function],
  "getAllByText": [Function],
  "getAllByTitle": [Function],
  "getByAltText": [Function],
  "getByDisplayValue": [Function],
  "getByLabelText": [Function],
  "getByPlaceholderText": [Function],
  "getByRole": [Function],
  "getByTestId": [Function],
  "getByText": [Function],
  "getByTitle": [Function],
  "queryAllByAltText": [Function],
  "queryAllByDisplayValue": [Function],
  "queryAllByLabelText": [Function],
  "queryAllByPlaceholderText": [Function],
  "queryAllByRole": [Function],
  "queryAllByTestId": [Function],
  "queryAllByText": [Function],
  "queryAllByTitle": [Function],
  "queryByAltText": [Function],
  "queryByDisplayValue": [Function],
  "queryByLabelText": [Function],
  "queryByPlaceholderText": [Function],
  "queryByRole": [Function],
  "queryByTestId": [Function],
  "queryByText": [Function],
  "queryByTitle": [Function],
  "rerender": [Function],
  "unmount": [Function],
}
`;
