// Jest Snapshot v1, https://goo.gl/fbAQLP

exports[`[components] - Product should render correctly 1`] = `
Object {
  "asFragment": [Function],
  "baseElement": <body>
    <div>
      <div
        class="style__Container-sc-124al1g-2 eShAUH"
        tabindex="1"
      >
        <div
          class="style__Stopper-sc-124al1g-3 kJwILd"
        >
          Free shipping
        </div>
        <div
          alt="Cropped Stay Groovy off white"
          class="style__Image-sc-124al1g-1"
        />
        <p
          class="style__Title-sc-124al1g-4 dIbEjU"
        >
          Cropped Stay Groovy off white
        </p>
        <div
          class="style__Price-sc-124al1g-5 eJRbev"
        >
          <p
            class="style__Val-sc-124al1g-6 fhqgAK"
          >
            <small>
              $
            </small>
            <b>
              10
            </b>
            <span>
              .90
            </span>
          </p>
          <p
            class="style__Installment-sc-124al1g-7 etqNAW"
          >
            <span>
              or 
              9
               x
            </span>
            <b>
              $
              1.21
            </b>
          </p>
        </div>
        <button
          class="style__BuyButton-sc-124al1g-0 hRDdbU"
          tabindex="-1"
        >
          Add to cart
        </button>
      </div>
    </div>
  </body>,
  "container": <div>
    <div
      class="style__Container-sc-124al1g-2 eShAUH"
      tabindex="1"
    >
      <div
        class="style__Stopper-sc-124al1g-3 kJwILd"
      >
        Free shipping
      </div>
      <div
        alt="Cropped Stay Groovy off white"
        class="style__Image-sc-124al1g-1"
      />
      <p
        class="style__Title-sc-124al1g-4 dIbEjU"
      >
        Cropped Stay Groovy off white
      </p>
      <div
        class="style__Price-sc-124al1g-5 eJRbev"
      >
        <p
          class="style__Val-sc-124al1g-6 fhqgAK"
        >
          <small>
            $
          </small>
          <b>
            10
          </b>
          <span>
            .90
          </span>
        </p>
        <p
          class="style__Installment-sc-124al1g-7 etqNAW"
        >
          <span>
            or 
            9
             x
          </span>
          <b>
            $
            1.21
          </b>
        </p>
      </div>
      <button
        class="style__BuyButton-sc-124al1g-0 hRDdbU"
        tabindex="-1"
      >
        Add to cart
      </button>
    </div>
  </div>,
  "debug": [Function],
  "findAllByAltText": [Function],
  "findAllByDisplayValue": [Function],
  "findAllByLabelText": [Function],
  "findAllByPlaceholderText": [Function],
  "findAllByRole": [Function],
  "findAllByTestId": [Function],
  "findAllByText": [Function],
  "findAllByTitle": [Function],
  "findByAltText": [Function],
  "findByDisplayValue": [Function],
  "findByLabelText": [Function],
  "findByPlaceholderText": [Function],
  "findByRole": [Function],
  "findByTestId": [Function],
  "findByText": [Function],
  "findByTitle": [Function],
  "getAllByAltText": [Function],
  "getAllByDisplayValue": [Function],
  "getAllByLabelText": [Function],
  "getAllByPlaceholderText": [Function],
  "getAllByRole": [Function],
  "getAllByTestId": [Function],
  "getAllByText": [Function],
  "getAllByTitle": [Function],
  "getByAltText": [Function],
  "getByDisplayValue": [Function],
  "getByLabelText": [Function],
  "getByPlaceholderText": [Function],
  "getByRole": [Function],
  "getByTestId": [Function],
  "getByText": [Function],
  "getByTitle": [Function],
  "queryAllByAltText": [Function],
  "queryAllByDisplayValue": [Function],
  "queryAllByLabelText": [Function],
  "queryAllByPlaceholderText": [Function],
  "queryAllByRole": [Function],
  "queryAllByTestId": [Function],
  "queryAllByText": [Function],
  "queryAllByTitle": [Function],
  "queryByAltText": [Function],
  "queryByDisplayValue": [Function],
  "queryByLabelText": [Function],
  "queryByPlaceholderText": [Function],
  "queryByRole": [Function],
  "queryByTestId": [Function],
  "queryByText": [Function],
  "queryByTitle": [Function],
  "rerender": [Function],
  "unmount": [Function],
}
`;
