// Jest Snapshot v1, https://goo.gl/fbAQLP

exports[`[components] - Cart should render correctly 1`] = `
Object {
  "asFragment": [Function],
  "baseElement": <body>
    <div>
      <div
        class="sc-kDTinF bcnLhm"
      >
        <div
          class="sc-jrQzAO elgsqr"
        >
          <div
            class="sc-iqseJM foSbxs"
          >
            <div
              class="sc-crHmcD kClYHQ"
            >
              0
            </div>
          </div>
        </div>
        <div
          class="sc-egiyK ldQrvv"
        >
          <div
            class="sc-bqiRlB kFhrUZ"
          >
            <div
              class="sc-iqseJM jmQRSU"
            >
              <div
                class="sc-crHmcD kClYHQ"
              >
                0
              </div>
            </div>
            <span
              class="sc-ksdxgE bHSSQy"
            >
              Cart
            </span>
          </div>
          <div
            class="sc-furwcr cLrkbH"
          >
            <p
              class="sc-pVTFL hfIegI"
            >
              Add some products in the cart 
              <br />
              :)
            </p>
          </div>
          <div
            class="sc-dJjYzT cLcfdy"
          >
            <p
              class="sc-hBUSln bdaBov"
            >
              SUBTOTAL
            </p>
            <div
              class="sc-fotOHu kTiyoO"
            >
              <p
                class="sc-fFeiMQ dyNUha"
              >
                $ 0.00
              </p>
              <p
                class="sc-bkkeKt kySsZU"
              />
            </div>
            <button
              class="sc-ieecCq crBrQm"
            >
              Checkout
            </button>
          </div>
        </div>
      </div>
    </div>
  </body>,
  "container": <div>
    <div
      class="sc-kDTinF bcnLhm"
    >
      <div
        class="sc-jrQzAO elgsqr"
      >
        <div
          class="sc-iqseJM foSbxs"
        >
          <div
            class="sc-crHmcD kClYHQ"
          >
            0
          </div>
        </div>
      </div>
      <div
        class="sc-egiyK ldQrvv"
      >
        <div
          class="sc-bqiRlB kFhrUZ"
        >
          <div
            class="sc-iqseJM jmQRSU"
          >
            <div
              class="sc-crHmcD kClYHQ"
            >
              0
            </div>
          </div>
          <span
            class="sc-ksdxgE bHSSQy"
          >
            Cart
          </span>
        </div>
        <div
          class="sc-furwcr cLrkbH"
        >
          <p
            class="sc-pVTFL hfIegI"
          >
            Add some products in the cart 
            <br />
            :)
          </p>
        </div>
        <div
          class="sc-dJjYzT cLcfdy"
        >
          <p
            class="sc-hBUSln bdaBov"
          >
            SUBTOTAL
          </p>
          <div
            class="sc-fotOHu kTiyoO"
          >
            <p
              class="sc-fFeiMQ dyNUha"
            >
              $ 0.00
            </p>
            <p
              class="sc-bkkeKt kySsZU"
            />
          </div>
          <button
            class="sc-ieecCq crBrQm"
          >
            Checkout
          </button>
        </div>
      </div>
    </div>
  </div>,
  "debug": [Function],
  "findAllByAltText": [Function],
  "findAllByDisplayValue": [Function],
  "findAllByLabelText": [Function],
  "findAllByPlaceholderText": [Function],
  "findAllByRole": [Function],
  "findAllByTestId": [Function],
  "findAllByText": [Function],
  "findAllByTitle": [Function],
  "findByAltText": [Function],
  "findByDisplayValue": [Function],
  "findByLabelText": [Function],
  "findByPlaceholderText": [Function],
  "findByRole": [Function],
  "findByTestId": [Function],
  "findByText": [Function],
  "findByTitle": [Function],
  "getAllByAltText": [Function],
  "getAllByDisplayValue": [Function],
  "getAllByLabelText": [Function],
  "getAllByPlaceholderText": [Function],
  "getAllByRole": [Function],
  "getAllByTestId": [Function],
  "getAllByText": [Function],
  "getAllByTitle": [Function],
  "getByAltText": [Function],
  "getByDisplayValue": [Function],
  "getByLabelText": [Function],
  "getByPlaceholderText": [Function],
  "getByRole": [Function],
  "getByTestId": [Function],
  "getByText": [Function],
  "getByTitle": [Function],
  "queryAllByAltText": [Function],
  "queryAllByDisplayValue": [Function],
  "queryAllByLabelText": [Function],
  "queryAllByPlaceholderText": [Function],
  "queryAllByRole": [Function],
  "queryAllByTestId": [Function],
  "queryAllByText": [Function],
  "queryAllByTitle": [Function],
  "queryByAltText": [Function],
  "queryByDisplayValue": [Function],
  "queryByLabelText": [Function],
  "queryByPlaceholderText": [Function],
  "queryByRole": [Function],
  "queryByTestId": [Function],
  "queryByText": [Function],
  "queryByTitle": [Function],
  "rerender": [Function],
  "unmount": [Function],
}
`;
